// Jest Snapshot v1, https://goo.gl/fbAQLP

exports[`SankeyChart with remaining type entities matches snapshot 1`] = `
"
      <sankey-chart-base></sankey-chart-base>
      
    "
`;

exports[`SankeyChart with remaining type entities matches snapshot 2`] = `
"
        <ha-card label="Sankey Chart">
          <div class=" container with-header " style="height:200px;">
            
    <div class="section" style="">
      <div class="connectors">
            <svg preserveAspectRatio="none" viewBox="0 0 100 200">
              
        <defs>
          
            <linearGradient id="gradient0.0.0">
              <stop offset="0%" stop-color="var(--warning-color)"></stop>
              <stop offset="100%" stop-color="darkslateblue"></stop>
            </linearGradient>
          
        </defs>
        
          <path d="M0,0 C50,0 50,0 100,0 L100,61.62162162162163 C50,61.62162162162163 50,61 0,61 Z" fill="url(#gradient0.0.0)" fill-opacity="0.4"></path>
        
      
            </svg>
          </div>
      
          
          
          <div class="box type-entity" style="height:61px;">
            <div style="background-color:var(--warning-color);" title="2kW Total" class="">
              
            </div>
            <div class="label" style="line-height:15px;">
                  
                  
                </div>
          </div>
          
        
    </div>
  
    <div class="section" style="">
      <div class="connectors">
            <svg preserveAspectRatio="none" viewBox="0 0 100 200">
              
        <defs>
          
            <linearGradient id="gradient1.0.0">
              <stop offset="0%" stop-color="darkslateblue"></stop>
              <stop offset="100%" stop-color="var(--primary-color)"></stop>
            </linearGradient>
          
            <linearGradient id="gradient1.0.1">
              <stop offset="0%" stop-color="darkslateblue"></stop>
              <stop offset="100%" stop-color="var(--primary-color)"></stop>
            </linearGradient>
          
            <linearGradient id="gradient1.0.2">
              <stop offset="0%" stop-color="darkslateblue"></stop>
              <stop offset="100%" stop-color="var(--primary-color)"></stop>
            </linearGradient>
          
        </defs>
        
          <path d="M0,0 C50,0 50,0 100,0 L100,63 C50,63 50,63.2879899767317 0,63.2879899767317 Z" fill="url(#gradient1.0.0)" fill-opacity="0.4"></path>
        
          <path d="M0,63.2879899767317 C50,63.2879899767317 50,68.5 100,68.5 L100,131.5 C50,131.5 50,126.60998747091463 0,126.60998747091463 Z" fill="url(#gradient1.0.1)" fill-opacity="0.4"></path>
        
          <path d="M0,126.60998747091462 C50,126.60998747091462 50,137 100,137 L100,200 C50,200 50,190 0,190 Z" fill="url(#gradient1.0.2)" fill-opacity="0.4"></path>
        
      
            </svg>
          </div>
      
          
          
          <div class="box type-remaining_child_state" style="height:190px;">
            <div style="background-color:darkslateblue;" title="6kW Total
All
All
All
All
All
IDK
IDK
IDK
IDK
IDK
IDK
IDK
IDK
IDK" class="">
              
            </div>
            <div class="label" style="line-height:15px;">
                  
                  
                </div>
          </div>
          
        
    </div>
  
    <div class="section" style="">
      <div class="connectors">
            <svg preserveAspectRatio="none" viewBox="0 0 100 200">
              
        <defs>
          
            <linearGradient id="gradient2.0.0">
              <stop offset="0%" stop-color="var(--primary-color)"></stop>
              <stop offset="100%" stop-color="red"></stop>
            </linearGradient>
          
        </defs>
        
          <path d="M0,0 C50,0 50,0 100,0 L100,62.932367149758456 C50,62.932367149758456 50,63 0,63 Z" fill="url(#gradient2.0.0)" fill-opacity="0.4"></path>
        
      
        <defs>
          
            <linearGradient id="gradient2.1.0">
              <stop offset="0%" stop-color="var(--primary-color)"></stop>
              <stop offset="100%" stop-color="red"></stop>
            </linearGradient>
          
        </defs>
        
          <path d="M0,68.5 C50,68.5 50,62.932367149758456 100,62.932367149758456 L100,63 C50,63 50,68.56766917293233 0,68.56766917293233 Z" fill="url(#gradient2.1.0)" fill-opacity="0.4"></path>
        
      
        <defs>
          
        </defs>
        
      
            </svg>
          </div>
      
          
          
          <div class="box type-entity" style="height:63px;">
            <div style="background-color:var(--primary-color);" title="2kW Varmtvann
Blaa" class="">
              
            </div>
            <div class="label" style="line-height:15px;">
                  
                  
                </div>
          </div>
          
        
          <div class="spacerv" style="height:5.5px;"></div>
          
          <div class="box type-entity" style="height:63px;">
            <div style="background-color:var(--primary-color);" title="2kÐ’ Avfukter" class="">
              
            </div>
            <div class="label" style="line-height:15px;">
                  
                  
                </div>
          </div>
          
        
          <div class="spacerv" style="height:5.5px;"></div>
          
          <div class="box type-entity" style="height:63px;">
            <div style="background-color:var(--primary-color);" title="2kW " class="">
              
            </div>
            <div class="label" style="line-height:15px;">
                  
                  
                </div>
          </div>
          
        
    </div>
  
    <div class="section" style="">
      <div class="connectors">
            <svg preserveAspectRatio="none" viewBox="0 0 100 200">
              
        <defs>
          
            <linearGradient id="gradient3.0.0">
              <stop offset="0%" stop-color="red"></stop>
              <stop offset="100%" stop-color="red"></stop>
            </linearGradient>
          
        </defs>
        
          <path d="M0,0 C50,0 50,0 100,0 L100,63 C50,63 50,63 0,63 Z" fill="url(#gradient3.0.0)" fill-opacity="0.4"></path>
        
      
            </svg>
          </div>
      
          
          
          <div class="box type-passthrough" style="height:63px;">
            <div style="background-color:red;" title="2kW " class="">
              
            </div>
            
          </div>
          
        
    </div>
  
    <div class="section" style="">
      
      
          
          
          <div class="box type-entity" style="height:63px;">
            <div style="background-color:red;" title="2kW " class="">
              
            </div>
            <div class="label" style="line-height:15px;">
                  
                  
                </div>
          </div>
          
        
    </div>
  
          </div>
        </ha-card>
      <style>
    ha-card {
        overflow-x: auto;
    }
    .container {
        display: flex;
        position: relative;
        /* height: 210px; */
        padding: 16px;
    }
    .container.with-header {
        padding-top: 0;
    }
    .section {
        flex: 1;
        flex-direction: column;
        position: relative;
        min-width: 0;
        max-width: 50%;
    }
    .wide .section:last-child {
        flex: initial;
    }
    .spacerv {
        transition: height 0.2s;
    }
    .box {
        display: flex;
        align-items: center;
        /* position: relative; */
        /* min-height: 1px; */
        transition: height 0.25s;
    }
    /* .box::before {
        content: "";
        position: absolute;
        top: -2px;
        bottom: -2px;
        left: -2px;
        right: -2px;
        background-color: var(--primary-color);
        opacity: 0.5;
        border-radius: 3px;
    } */
    .box div:first-child {
        display: flex;
        justify-content: center;
        align-items: center;
        overflow: hidden;
        background-color: var(--primary-color);
        width: 15px;
        height: 100%;
        cursor: pointer;
    }
    .box.type-passthrough div:first-child {
        opacity: 0.4;
    }
    .box.type-passthrough div.hl:first-child {
        opacity: 0.85;
    }
    .box .label {
        flex: 1;
        display: flex;
        align-items: center;
        padding: 0 10px;
        white-space: nowrap;
        overflow: hidden;
        text-overflow: ellipsis;
    }
    .box .label span {
        font-style: italic;
    }
    .connectors {
        position: absolute;
        top: 0;
        left: 15px;
        right: 0;
        height: 100%;
        overflow: hidden;
    }
    .connectors svg {
        position: absolute;
        left: -1px;
        width: 101%;
        height: 100%;
    }
</style>"
`;
